// Jest Snapshot v1, https://goo.gl/fbAQLP

exports[`CounterComponent should match snapshot 1`] = `
<div
  id="root1"
>
  <h2>
    Counter 0
  </h2>
  <button>
    +1
  </button>
  <button>
    -1
  </button>
</div>
`;
